// Jest Snapshot v1, https://goo.gl/fbAQLP

exports[`The App screen should match its empty snapshot 1`] = `<div />`;
